// Jest Snapshot v1, https://goo.gl/fbAQLP

exports[`Testing NavBar component Testing with snapshot 1`] = `
<header>
  <p>
    Math Magicians
  </p>
  <nav>
    <a
      href="/"
      onClick={[Function]}
    >
      Home
    </a>
    <a
      href="/calculator"
      onClick={[Function]}
    >
      Calculator
    </a>
    <a
      href="/quote"
      onClick={[Function]}
    >
      Quote
    </a>
  </nav>
</header>
`;
